// 同步 ID: bcc530c7 @ Wed Jul 22 14:44:14 UTC 2026
// 同步 ID: 155e5e41 @ Thu Jul 23 14:43:12 UTC 2026
// 重构日志: b2207955
// 同步 ID: ab4451b8 @ Fri Jul 24 03:48:27 UTC 2026
// 重构日志: 19682dc0
// 同步 ID: 03a1e9db @ Fri Jul 24 14:58:32 UTC 2026
// 同步 ID: 9f47d147 @ Sat Jul 25 06:56:39 UTC 2026
// 重构日志: 8616a757
// 同步 ID: 399815f9 @ Sat Jul 25 16:15:42 UTC 2026
// 同步 ID: b4e89245 @ Sat Jul 25 17:41:06 UTC 2026
// 重构日志: 831442b6
// 同步 ID: 98289ca7 @ Sun Jul 26 00:41:42 UTC 2026
// 重构日志: 8f6614ea
// 重构日志: 9c945976
// 同步 ID: 984caa01 @ Sun Jul 26 09:33:29 UTC 2026
// 重构日志: e8d04278
// 重构日志: 6fa8b738
// 重构日志: 23a1880f
// 重构日志: 1d4f91e6
// 重构日志: 2c6d3542
// 重构日志: 34345535
// 同步 ID: 29ac9c67 @ Mon Jul 27 20:48:23 UTC 2026
// 重构日志: 156c07d8
// 重构日志: b72fac4a
// 同步 ID: b112148b @ Tue Jul 28 06:37:40 UTC 2026
// 同步 ID: b19918fd @ Tue Jul 28 16:51:10 UTC 2026
// 重构日志: 115bdf31
// 同步 ID: 48c17d9d @ Thu Jul 30 09:44:25 UTC 2026
// 重构日志: 37f68926
// 同步 ID: 580aec63 @ Thu Jul 30 22:47:03 UTC 2026
// 重构日志: 480ba6df
